../Core/Src/main.c:131:9:getCheckSum	24	static
../Core/Src/main.c:140:6:ReadUart	16	static
../Core/Src/main.c:150:9:DecodeData	24	static
../Core/Src/main.c:161:6:EncodeDataDC	40	static
../Core/Src/main.c:183:6:EncodeDataAC	24	static
../Core/Src/main.c:203:6:delay_us	16	static
../Core/Src/main.c:210:6:ForwardDC	24	static
../Core/Src/main.c:227:6:InverseDC	24	static
../Core/Src/main.c:246:6:Create_pulse_Forward_AC	24	static
../Core/Src/main.c:257:6:Create_pulse_Inverse_AC	24	static
../Core/Src/main.c:270:6:Control_Motor	40	static
../Core/Src/main.c:307:6:HAL_UART_RxCpltCallback	16	static
../Core/Src/main.c:334:6:HAL_TIM_PeriodElapsedCallback	16	static
../Core/Src/main.c:354:6:HAL_TIM_IC_CaptureCallback	16	static
../Core/Src/main.c:363:6:HAL_CAN_RxFifo0MsgPendingCallback	16	static
../Core/Src/main.c:400:6:updateEncoder	8	static
../Core/Src/main.c:422:5:main	24	static
../Core/Src/main.c:531:6:SystemClock_Config	72	static
../Core/Src/main.c:571:13:MX_CAN_Init	8	static
../Core/Src/main.c:627:13:MX_TIM1_Init	32	static
../Core/Src/main.c:673:13:MX_TIM2_Init	56	static
../Core/Src/main.c:722:13:MX_TIM4_Init	32	static
../Core/Src/main.c:767:13:MX_USART1_UART_Init	8	static
../Core/Src/main.c:800:13:MX_GPIO_Init	40	static
../Core/Src/main.c:864:6:Error_Handler	4	static,ignoring_inline_asm
