../Core/Src/main.c:89:6:HAL_TIM_PeriodElapsedCallback	16	static
../Core/Src/main.c:97:6:delay_us	16	static
../Core/Src/main.c:104:6:HAL_UART_RxCpltCallback	24	static
../Core/Src/main.c:126:6:HAL_CAN_RxFifo0MsgPendingCallback	16	static
../Core/Src/main.c:171:5:main	144	static
../Core/Src/main.c:331:6:SystemClock_Config	88	static
../Core/Src/main.c:377:13:MX_CAN1_Init	8	static
../Core/Src/main.c:431:13:MX_TIM1_Init	32	static
../Core/Src/main.c:477:13:MX_TIM2_Init	32	static
../Core/Src/main.c:522:13:MX_UART4_Init	8	static
../Core/Src/main.c:555:13:MX_GPIO_Init	48	static
../Core/Src/main.c:599:6:Error_Handler	4	static
