../Core/Src/main.c:132:9:getCheckSum	24	static
../Core/Src/main.c:141:6:ReadUart	16	static
../Core/Src/main.c:151:9:DecodeData	24	static
../Core/Src/main.c:162:6:EncodeDataDC	40	static
../Core/Src/main.c:184:6:EncodeDataAC	24	static
../Core/Src/main.c:204:6:delay_us	16	static
../Core/Src/main.c:211:6:ForwardDC	24	static
../Core/Src/main.c:228:6:InverseDC	24	static
../Core/Src/main.c:247:6:Create_pulse_Forward_AC	24	static
../Core/Src/main.c:258:6:Create_pulse_Inverse_AC	24	static
../Core/Src/main.c:271:6:Control_Motor	40	static
../Core/Src/main.c:308:6:HAL_UART_RxCpltCallback	16	static
../Core/Src/main.c:332:6:HAL_TIM_PeriodElapsedCallback	16	static
../Core/Src/main.c:352:6:HAL_TIM_IC_CaptureCallback	16	static
../Core/Src/main.c:361:6:HAL_CAN_RxFifo0MsgPendingCallback	16	static
../Core/Src/main.c:399:6:updateEncoder	8	static
../Core/Src/main.c:421:5:main	24	static
../Core/Src/main.c:527:6:SystemClock_Config	72	static
../Core/Src/main.c:567:13:MX_CAN_Init	8	static
../Core/Src/main.c:623:13:MX_TIM1_Init	32	static
../Core/Src/main.c:669:13:MX_TIM2_Init	56	static
../Core/Src/main.c:718:13:MX_TIM4_Init	32	static
../Core/Src/main.c:763:13:MX_USART1_UART_Init	8	static
../Core/Src/main.c:796:13:MX_GPIO_Init	40	static
../Core/Src/main.c:860:6:Error_Handler	4	static,ignoring_inline_asm
