../Core/Src/main.c:134:9:getCheckSum	24	static
../Core/Src/main.c:143:6:ReadUart	16	static
../Core/Src/main.c:153:9:DecodeData	24	static
../Core/Src/main.c:164:6:EncodeDataDC	40	static
../Core/Src/main.c:186:6:EncodeDataAC	24	static
../Core/Src/main.c:206:6:delay_us	16	static
../Core/Src/main.c:213:6:ForwardDC	24	static
../Core/Src/main.c:230:6:InverseDC	24	static
../Core/Src/main.c:249:6:Create_pulse_Forward_AC	24	static
../Core/Src/main.c:260:6:Create_pulse_Inverse_AC	24	static
../Core/Src/main.c:273:6:Control_Motor	40	static
../Core/Src/main.c:310:6:HAL_UART_RxCpltCallback	16	static
../Core/Src/main.c:334:6:HAL_TIM_PeriodElapsedCallback	16	static
../Core/Src/main.c:354:6:HAL_TIM_IC_CaptureCallback	16	static
../Core/Src/main.c:363:6:HAL_CAN_RxFifo0MsgPendingCallback	16	static
../Core/Src/main.c:401:5:main	24	static
../Core/Src/main.c:511:6:SystemClock_Config	72	static
../Core/Src/main.c:551:13:MX_CAN_Init	8	static
../Core/Src/main.c:607:13:MX_TIM1_Init	32	static
../Core/Src/main.c:653:13:MX_TIM2_Init	56	static
../Core/Src/main.c:702:13:MX_TIM4_Init	32	static
../Core/Src/main.c:747:13:MX_USART1_UART_Init	8	static
../Core/Src/main.c:780:13:MX_GPIO_Init	40	static
../Core/Src/main.c:844:6:Error_Handler	4	static,ignoring_inline_asm
