../Core/Src/main.c:137:9:getCheckSum	24	static
../Core/Src/main.c:146:6:ReadUart	16	static
../Core/Src/main.c:158:9:DecodeData	24	static
../Core/Src/main.c:169:6:EncodeDataDC	48	static
../Core/Src/main.c:192:6:EncodeDataAC	24	static
../Core/Src/main.c:212:6:delay_us	16	static
../Core/Src/main.c:219:6:ForwardDC	24	static
../Core/Src/main.c:237:6:InverseDC	24	static
../Core/Src/main.c:257:6:Create_pulse_Forward_AC	24	static
../Core/Src/main.c:268:6:Create_pulse_Inverse_AC	24	static
../Core/Src/main.c:281:6:Control_Motor	40	static
../Core/Src/main.c:320:6:HAL_UART_RxCpltCallback	24	static
../Core/Src/main.c:346:6:HAL_TIM_PeriodElapsedCallback	16	static
../Core/Src/main.c:372:6:HAL_TIM_IC_CaptureCallback	16	static
../Core/Src/main.c:381:6:HAL_CAN_RxFifo0MsgPendingCallback	16	static
../Core/Src/main.c:424:5:main	16	static
../Core/Src/main.c:533:6:SystemClock_Config	72	static
../Core/Src/main.c:573:13:MX_CAN_Init	8	static
../Core/Src/main.c:629:13:MX_TIM1_Init	32	static
../Core/Src/main.c:675:13:MX_TIM2_Init	56	static
../Core/Src/main.c:724:13:MX_TIM4_Init	32	static
../Core/Src/main.c:769:13:MX_USART1_UART_Init	8	static
../Core/Src/main.c:802:13:MX_GPIO_Init	40	static
../Core/Src/main.c:866:6:Error_Handler	4	static,ignoring_inline_asm
