../Core/Src/main.c:134:9:getCheckSum	24	static
../Core/Src/main.c:143:6:ReadUart	16	static
../Core/Src/main.c:152:10:DecodeData	24	static
../Core/Src/main.c:163:6:EncodeDataDC	32	static
../Core/Src/main.c:184:6:EncodeDataAC	24	static
../Core/Src/main.c:204:6:delay_us	16	static
../Core/Src/main.c:211:6:ForwardDC	24	static
../Core/Src/main.c:222:6:InverseDC	24	static
../Core/Src/main.c:235:6:Create_pulse_Forward_AC	24	static
../Core/Src/main.c:246:6:Create_pulse_Inverse_AC	24	static
../Core/Src/main.c:259:6:Control_Motor	40	static
../Core/Src/main.c:296:6:HAL_UART_RxCpltCallback	16	static
../Core/Src/main.c:330:6:HAL_TIM_PeriodElapsedCallback	16	static
../Core/Src/main.c:349:6:HAL_TIM_PWM_PulseFinishedCallback	16	static
../Core/Src/main.c:358:6:HAL_CAN_RxFifo0MsgPendingCallback	16	static
../Core/Src/main.c:397:6:updateEncoder	8	static
../Core/Src/main.c:419:5:main	16	static
../Core/Src/main.c:521:6:SystemClock_Config	72	static
../Core/Src/main.c:561:13:MX_CAN_Init	8	static
../Core/Src/main.c:615:13:MX_TIM1_Init	32	static
../Core/Src/main.c:661:13:MX_TIM2_Init	56	static
../Core/Src/main.c:710:13:MX_TIM4_Init	32	static
../Core/Src/main.c:755:13:MX_USART1_UART_Init	8	static
../Core/Src/main.c:788:13:MX_GPIO_Init	40	static
../Core/Src/main.c:852:6:Error_Handler	4	static,ignoring_inline_asm
