../Core/Src/main.c:130:9:getCheckSum	24	static
../Core/Src/main.c:139:6:ReadUart	16	static
../Core/Src/main.c:149:10:DecodeData	24	static
../Core/Src/main.c:160:6:EncodeDataDC	40	static
../Core/Src/main.c:182:6:EncodeDataAC	24	static
../Core/Src/main.c:201:6:delay_us	16	static
../Core/Src/main.c:208:6:ForwardDC	24	static
../Core/Src/main.c:225:6:InverseDC	24	static
../Core/Src/main.c:244:6:Create_pulse_Forward_AC	24	static
../Core/Src/main.c:255:6:Create_pulse_Inverse_AC	24	static
../Core/Src/main.c:268:6:Control_Motor	40	static
../Core/Src/main.c:305:6:HAL_UART_RxCpltCallback	16	static
../Core/Src/main.c:332:6:HAL_TIM_PeriodElapsedCallback	16	static
../Core/Src/main.c:352:6:HAL_TIM_IC_CaptureCallback	16	static
../Core/Src/main.c:361:6:HAL_CAN_RxFifo0MsgPendingCallback	16	static
../Core/Src/main.c:399:6:updateEncoder	8	static
../Core/Src/main.c:421:5:main	16	static
../Core/Src/main.c:521:6:SystemClock_Config	72	static
../Core/Src/main.c:561:13:MX_CAN_Init	8	static
../Core/Src/main.c:616:13:MX_TIM1_Init	32	static
../Core/Src/main.c:662:13:MX_TIM2_Init	56	static
../Core/Src/main.c:711:13:MX_TIM4_Init	32	static
../Core/Src/main.c:756:13:MX_USART1_UART_Init	8	static
../Core/Src/main.c:789:13:MX_GPIO_Init	40	static
../Core/Src/main.c:853:6:Error_Handler	4	static,ignoring_inline_asm
