15:16:06 **** Build of configuration Debug for project DATN_STM32_SLAVE6 ****
make -j16 all 
arm-none-eabi-gcc -o "DATN_STM32_SLAVE6.elf" @"objects.list"   -mcpu=cortex-m3 -T"D:\ROBOT_RICLAB\4_Chuong_trinh_do_an_STM_DCK\DATN_STM32_SLAVE6\STM32F103C8TX_FLASH.ld" --specs=nosys.specs -Wl,-Map="DATN_STM32_SLAVE6.map" -Wl,--gc-sections -static --specs=nano.specs -mfloat-abi=soft -mthumb -Wl,--start-group -lc -lm -Wl,--end-group
Finished building target: DATN_STM32_SLAVE6.elf
 
arm-none-eabi-size  DATN_STM32_SLAVE6.elf 
arm-none-eabi-objdump -h -S DATN_STM32_SLAVE6.elf  > "DATN_STM32_SLAVE6.list"
   text	   data	    bss	    dec	    hex	filename
  23124	    112	   2368	  25604	   6404	DATN_STM32_SLAVE6.elf
arm-none-eabi-objcopy  -O ihex DATN_STM32_SLAVE6.elf  "DATN_STM32_SLAVE6.hex"
Finished building: default.size.stdout
 
Finished building: DATN_STM32_SLAVE6.hex
 
Finished building: DATN_STM32_SLAVE6.list
 

15:16:07 Build Finished. 0 errors, 0 warnings. (took 1s.48ms)

