17:38:15 **** Incremental Build of configuration Debug for project DATN_STM32_Master ****
make -j16 all 
arm-none-eabi-gcc "../Core/Src/main.c" -mcpu=cortex-m4 -std=gnu11 -g3 -DDEBUG -DUSE_HAL_DRIVER -DSTM32F407xx -c -I../Core/Inc -I../Drivers/STM32F4xx_HAL_Driver/Inc -I../Drivers/STM32F4xx_HAL_Driver/Inc/Legacy -I../Drivers/CMSIS/Device/ST/STM32F4xx/Include -I../Drivers/CMSIS/Include -I"D:/STM32/DATN_STM32_Master/Thu_vien" -O0 -ffunction-sections -fdata-sections -Wall -fstack-usage -fcyclomatic-complexity -MMD -MP -MF"Core/Src/main.d" -MT"Core/Src/main.o" --specs=nano.specs -mfpu=fpv4-sp-d16 -mfloat-abi=hard -mthumb -o "Core/Src/main.o"
arm-none-eabi-gcc -o "DATN_STM32_Master.elf" @"objects.list"   -mcpu=cortex-m4 -T"D:\ROBOT_RICLAB\4_Chuong_trinh_do_an_STM_DCK\DATN_STM32_Master\STM32F407VGTX_FLASH.ld" --specs=nosys.specs -Wl,-Map="DATN_STM32_Master.map" -Wl,--gc-sections -static --specs=nano.specs -mfpu=fpv4-sp-d16 -mfloat-abi=hard -mthumb -Wl,--start-group -lc -lm -Wl,--end-group
Finished building target: DATN_STM32_Master.elf
 
arm-none-eabi-size  DATN_STM32_Master.elf 
arm-none-eabi-objdump -h -S DATN_STM32_Master.elf  > "DATN_STM32_Master.list"
   text	   data	    bss	    dec	    hex	filename
  22900	    192	   2424	  25516	   63ac	DATN_STM32_Master.elf
arm-none-eabi-objcopy  -O ihex DATN_STM32_Master.elf  "DATN_STM32_Master.hex"
Finished building: default.size.stdout
 
Finished building: DATN_STM32_Master.hex
 
Finished building: DATN_STM32_Master.list
 

17:38:17 Build Finished. 0 errors, 0 warnings. (took 1s.593ms)

