14:05:02 **** Incremental Build of configuration Debug for project DATN_STM32_SLAVE3 ****
make -j16 all 
arm-none-eabi-gcc "../Core/Src/main.c" -mcpu=cortex-m3 -std=gnu11 -g3 -DDEBUG -DUSE_HAL_DRIVER -DSTM32F103xB -c -I../Core/Inc -I../Drivers/STM32F1xx_HAL_Driver/Inc/Legacy -I../Drivers/STM32F1xx_HAL_Driver/Inc -I../Drivers/CMSIS/Device/ST/STM32F1xx/Include -I../Drivers/CMSIS/Include -O0 -ffunction-sections -fdata-sections -Wall -fstack-usage -fcyclomatic-complexity -MMD -MP -MF"Core/Src/main.d" -MT"Core/Src/main.o" --specs=nano.specs -mfloat-abi=soft -mthumb -o "Core/Src/main.o"
arm-none-eabi-gcc -o "DATN_STM32_SLAVE3.elf" @"objects.list"   -mcpu=cortex-m3 -T"D:\ROBOT_RICLAB\4_Chuong_trinh_do_an_STM_DCK\DATN_STM32_SLAVE3\STM32F103C8TX_FLASH.ld" --specs=nosys.specs -Wl,-Map="DATN_STM32_SLAVE3.map" -Wl,--gc-sections -static --specs=nano.specs -mfloat-abi=soft -mthumb -Wl,--start-group -lc -lm -Wl,--end-group
Finished building target: DATN_STM32_SLAVE3.elf
 
arm-none-eabi-size  DATN_STM32_SLAVE3.elf 
arm-none-eabi-objdump -h -S DATN_STM32_SLAVE3.elf  > "DATN_STM32_SLAVE3.list"
   text	   data	    bss	    dec	    hex	filename
  23164	    108	   2372	  25644	   642c	DATN_STM32_SLAVE3.elf
arm-none-eabi-objcopy  -O ihex DATN_STM32_SLAVE3.elf  "DATN_STM32_SLAVE3.hex"
Finished building: default.size.stdout
 
Finished building: DATN_STM32_SLAVE3.hex
 
Finished building: DATN_STM32_SLAVE3.list
 

14:05:02 Build Finished. 0 errors, 0 warnings. (took 648ms)

