10:08:51 **** Incremental Build of configuration Debug for project DATN_STM32_Master ****
make -j16 all 
arm-none-eabi-size  DATN_STM32_Master.elf 
   text	   data	    bss	    dec	    hex	filename
  22900	    192	   2424	  25516	   63ac	DATN_STM32_Master.elf
Finished building: default.size.stdout
 
11:35:18 **** Incremental Build of configuration Debug for project DATN_STM32_Master ****
make -j16 all 
arm-none-eabi-size  DATN_STM32_Master.elf 
   text	   data	    bss	    dec	    hex	filename
  22900	    192	   2424	  25516	   63ac	DATN_STM32_Master.elf
Finished building: default.size.stdout
 
07:00:15 **** Incremental Build of configuration Debug for project DATN_STM32_SLAVE1 ****
make -j16 all 
arm-none-eabi-size  DATN_STM32_SLAVE1.elf 
   text	   data	    bss	    dec	    hex	filename
  22936	    108	   2348	  25392	   6330	DATN_STM32_SLAVE1.elf
Finished building: default.size.stdout
 
07:00:53 **** Incremental Build of configuration Debug for project DATN_STM32_SLAVE1 ****
make -j16 all 
arm-none-eabi-size  DATN_STM32_SLAVE1.elf 
   text	   data	    bss	    dec	    hex	filename
  22936	    108	   2348	  25392	   6330	DATN_STM32_SLAVE1.elf
Finished building: default.size.stdout
 
07:01:21 **** Incremental Build of configuration Debug for project DATN_STM32_SLAVE1 ****
make -j16 all 
arm-none-eabi-size  DATN_STM32_SLAVE1.elf 
   text	   data	    bss	    dec	    hex	filename
  22936	    108	   2348	  25392	   6330	DATN_STM32_SLAVE1.elf
Finished building: default.size.stdout
 
