18:34:47 **** Incremental Build of configuration Debug for project DATN_STM32_SLAVE1 ****
make -j16 all 
arm-none-eabi-size  DATN_STM32_SLAVE1.elf 
   text	   data	    bss	    dec	    hex	filename
  23740	    116	   2364	  26220	   666c	DATN_STM32_SLAVE1.elf
Finished building: default.size.stdout
 
18:36:42 **** Incremental Build of configuration Debug for project DATN_STM32_SLAVE1 ****
make -j16 all 
arm-none-eabi-size  DATN_STM32_SLAVE1.elf 
   text	   data	    bss	    dec	    hex	filename
  23740	    116	   2364	  26220	   666c	DATN_STM32_SLAVE1.elf
Finished building: default.size.stdout
 
18:37:06 **** Incremental Build of configuration Debug for project DATN_STM32_SLAVE2 ****
make -j16 all 
arm-none-eabi-size  DATN_STM32_SLAVE2.elf 
   text	   data	    bss	    dec	    hex	filename
  23752	    116	   2364	  26232	   6678	DATN_STM32_SLAVE2.elf
Finished building: default.size.stdout
 
